MPLINK 4.49, Linker
Linker Map File - Created Tue May 02 22:41:40 2023

                                 Section Info
                  Section       Type    Address   Location Size(Bytes)
                ---------  ---------  ---------  ---------  ---------
                   .org_0       code   0x000000    program   0x000000
                   .org_1       code   0x000000    program   0x00004a
      .config_2007_MAIN.O       code   0x002007    program   0x000002



                              Program Memory Usage 
                               Start         End      
                           ---------   ---------      
                            0x000000    0x000024      
                            0x002007    0x002007      
            38 out of 2182 program addresses used, program memory utilization is 1%



                              Symbols - Sorted by Name
                     Name    Address   Location    Storage File                     
                ---------  ---------  ---------  --------- ---------                
             BTN_CONTINUE   0x000012    program     static C:\Users\vitor\Sistemas Embarcados\Laboratórios\Laboratorio 2\main.asm
                 CONTINUE   0x00001d    program     static C:\Users\vitor\Sistemas Embarcados\Laboratórios\Laboratorio 2\main.asm
                   INICIO   0x000001    program     static C:\Users\vitor\Sistemas Embarcados\Laboratórios\Laboratorio 2\main.asm
                     MAIN   0x00000d    program     static C:\Users\vitor\Sistemas Embarcados\Laboratórios\Laboratorio 2\main.asm
            btnNotPressed   0x000011    program     static C:\Users\vitor\Sistemas Embarcados\Laboratórios\Laboratorio 2\main.asm



                              Symbols - Sorted by Address
                     Name    Address   Location    Storage File                     
                ---------  ---------  ---------  --------- ---------                
                   INICIO   0x000001    program     static C:\Users\vitor\Sistemas Embarcados\Laboratórios\Laboratorio 2\main.asm
                     MAIN   0x00000d    program     static C:\Users\vitor\Sistemas Embarcados\Laboratórios\Laboratorio 2\main.asm
            btnNotPressed   0x000011    program     static C:\Users\vitor\Sistemas Embarcados\Laboratórios\Laboratorio 2\main.asm
             BTN_CONTINUE   0x000012    program     static C:\Users\vitor\Sistemas Embarcados\Laboratórios\Laboratorio 2\main.asm
                 CONTINUE   0x00001d    program     static C:\Users\vitor\Sistemas Embarcados\Laboratórios\Laboratorio 2\main.asm


